--- parse tree ---
[ Code
    "test/typ/meta/numbering-01.typ"
    ( line 1 , column 2 )
    (Let
       (BasicBind (Just (Identifier "test")))
       (FuncExpr
          [ NormalParam (Identifier "x") , NormalParam (Identifier "y") ]
          (Block
             (CodeBlock
                [ If
                    [ ( Equals (Ident (Identifier "x")) (Ident (Identifier "y"))
                      , Block (Content [ Text "\9989" ])
                      )
                    , ( Literal (Boolean True)
                      , Block
                          (Content
                             [ Text "\10060"
                             , Text "("
                             , Code
                                 "test/typ/meta/numbering-01.typ"
                                 ( line 1 , column 47 )
                                 (FuncCall
                                    (Ident (Identifier "repr"))
                                    [ NormalArg (Ident (Identifier "x")) ])
                             , Space
                             , Text "/"
                             , Text "="
                             , Space
                             , Code
                                 "test/typ/meta/numbering-01.typ"
                                 ( line 1 , column 59 )
                                 (FuncCall
                                    (Ident (Identifier "repr"))
                                    [ NormalArg (Ident (Identifier "y")) ])
                             , Text ")"
                             ])
                      )
                    ]
                ]))))
, SoftBreak
, Code
    "test/typ/meta/numbering-01.typ"
    ( line 2 , column 2 )
    (For
       (BasicBind (Just (Identifier "i")))
       (FuncCall
          (Ident (Identifier "range"))
          [ NormalArg (Literal (Int 0)) , NormalArg (Literal (Int 4)) ])
       (Block
          (CodeBlock
             [ FuncCall
                 (Ident (Identifier "numbering"))
                 [ NormalArg (Literal (String "A"))
                 , NormalArg (Ident (Identifier "i"))
                 ]
             , Block
                 (Content
                    [ Space
                    , Text "for"
                    , Space
                    , Code
                        "test/typ/meta/numbering-01.typ"
                        ( line 4 , column 10 )
                        (Ident (Identifier "i"))
                    , Space
                    , HardBreak
                    ])
             ])))
, SoftBreak
, Ellipsis
, Space
, HardBreak
, Code
    "test/typ/meta/numbering-01.typ"
    ( line 7 , column 2 )
    (For
       (BasicBind (Just (Identifier "i")))
       (FuncCall
          (Ident (Identifier "range"))
          [ NormalArg (Literal (Int 26)) , NormalArg (Literal (Int 30)) ])
       (Block
          (CodeBlock
             [ FuncCall
                 (Ident (Identifier "numbering"))
                 [ NormalArg (Literal (String "A"))
                 , NormalArg (Ident (Identifier "i"))
                 ]
             , Block
                 (Content
                    [ Space
                    , Text "for"
                    , Space
                    , Code
                        "test/typ/meta/numbering-01.typ"
                        ( line 9 , column 10 )
                        (Ident (Identifier "i"))
                    , Space
                    , HardBreak
                    ])
             ])))
, SoftBreak
, Ellipsis
, Space
, HardBreak
, Code
    "test/typ/meta/numbering-01.typ"
    ( line 12 , column 2 )
    (For
       (BasicBind (Just (Identifier "i")))
       (FuncCall
          (Ident (Identifier "range"))
          [ NormalArg (Literal (Int 702)) , NormalArg (Literal (Int 706)) ])
       (Block
          (CodeBlock
             [ FuncCall
                 (Ident (Identifier "numbering"))
                 [ NormalArg (Literal (String "A"))
                 , NormalArg (Ident (Identifier "i"))
                 ]
             , Block
                 (Content
                    [ Space
                    , Text "for"
                    , Space
                    , Code
                        "test/typ/meta/numbering-01.typ"
                        ( line 14 , column 10 )
                        (Ident (Identifier "i"))
                    , Space
                    , HardBreak
                    ])
             ])))
, ParBreak
]
--- evaluated ---
document(body: { text(body: [
]), 
                 numbering(numbering: "A", 
                           numbers: (0)), 
                 text(body: [ for ]), 
                 text(body: [0]), 
                 text(body: [ ]), 
                 linebreak(), 
                 numbering(numbering: "A", 
                           numbers: (1)), 
                 text(body: [ for ]), 
                 text(body: [1]), 
                 text(body: [ ]), 
                 linebreak(), 
                 numbering(numbering: "A", 
                           numbers: (2)), 
                 text(body: [ for ]), 
                 text(body: [2]), 
                 text(body: [ ]), 
                 linebreak(), 
                 numbering(numbering: "A", 
                           numbers: (3)), 
                 text(body: [ for ]), 
                 text(body: [3]), 
                 text(body: [ ]), 
                 linebreak(), 
                 text(body: [
… ]), 
                 linebreak(), 
                 numbering(numbering: "A", 
                           numbers: (26)), 
                 text(body: [ for ]), 
                 text(body: [26]), 
                 text(body: [ ]), 
                 linebreak(), 
                 numbering(numbering: "A", 
                           numbers: (27)), 
                 text(body: [ for ]), 
                 text(body: [27]), 
                 text(body: [ ]), 
                 linebreak(), 
                 numbering(numbering: "A", 
                           numbers: (28)), 
                 text(body: [ for ]), 
                 text(body: [28]), 
                 text(body: [ ]), 
                 linebreak(), 
                 numbering(numbering: "A", 
                           numbers: (29)), 
                 text(body: [ for ]), 
                 text(body: [29]), 
                 text(body: [ ]), 
                 linebreak(), 
                 text(body: [
… ]), 
                 linebreak(), 
                 numbering(numbering: "A", 
                           numbers: (702)), 
                 text(body: [ for ]), 
                 text(body: [702]), 
                 text(body: [ ]), 
                 linebreak(), 
                 numbering(numbering: "A", 
                           numbers: (703)), 
                 text(body: [ for ]), 
                 text(body: [703]), 
                 text(body: [ ]), 
                 linebreak(), 
                 numbering(numbering: "A", 
                           numbers: (704)), 
                 text(body: [ for ]), 
                 text(body: [704]), 
                 text(body: [ ]), 
                 linebreak(), 
                 numbering(numbering: "A", 
                           numbers: (705)), 
                 text(body: [ for ]), 
                 text(body: [705]), 
                 text(body: [ ]), 
                 linebreak(), 
                 parbreak() })
