--- parse tree ---
[ Code
    "test/typ/math/delimited-03.typ"
    ( line 1 , column 2 )
    (Let
       (BasicBind (Just (Identifier "test")))
       (FuncExpr
          [ NormalParam (Identifier "x") , NormalParam (Identifier "y") ]
          (Block
             (CodeBlock
                [ If
                    [ ( Equals (Ident (Identifier "x")) (Ident (Identifier "y"))
                      , Block (Content [ Text "\9989" ])
                      )
                    , ( Literal (Boolean True)
                      , Block
                          (Content
                             [ Text "\10060"
                             , Text "("
                             , Code
                                 "test/typ/math/delimited-03.typ"
                                 ( line 1 , column 47 )
                                 (FuncCall
                                    (Ident (Identifier "repr"))
                                    [ NormalArg (Ident (Identifier "x")) ])
                             , Space
                             , Text "/"
                             , Text "="
                             , Space
                             , Code
                                 "test/typ/math/delimited-03.typ"
                                 ( line 1 , column 59 )
                                 (FuncCall
                                    (Ident (Identifier "repr"))
                                    [ NormalArg (Ident (Identifier "y")) ])
                             , Text ")"
                             ])
                      )
                    ]
                ]))))
, SoftBreak
, Comment
, Equation
    True
    [ Text "|"
    , Text "x"
    , Text "+"
    , Text "|"
    , Text "y"
    , Text "|"
    , Text "+"
    , MFrac (Text "z") (Text "a")
    , Text "|"
    , HardBreak
    , Text "|"
    , Text "x"
    , Text "+"
    , Code
        "test/typ/math/delimited-03.typ"
        ( line 4 , column 8 )
        (FuncCall
           (Ident (Identifier "lr"))
           [ BlockArg [ Text "|" , Text "y" , Text "|" ] ])
    , Text "+"
    , MFrac (Text "z") (Text "a")
    , Text "|"
    ]
, ParBreak
]
--- evaluated ---
document(body: { text(body: [
]), 
                 math.equation(block: true, 
                               body: { text(body: [|]), 
                                       text(body: [x]), 
                                       text(body: [+]), 
                                       text(body: [|]), 
                                       text(body: [y]), 
                                       text(body: [|]), 
                                       text(body: [+]), 
                                       math.frac(denom: text(body: [a]), 
                                                 num: text(body: [z])), 
                                       text(body: [|]), 
                                       linebreak(), 
                                       text(body: [|]), 
                                       text(body: [x]), 
                                       text(body: [+]), 
                                       math.lr(body: ({ text(body: [|]), 
                                                        text(body: [y]), 
                                                        text(body: [|]) })), 
                                       text(body: [+]), 
                                       math.frac(denom: text(body: [a]), 
                                                 num: text(body: [z])), 
                                       text(body: [|]) }, 
                               numbering: none), 
                 parbreak() })
