--- parse tree ---
[ Code
    "test/typ/math/style-00.typ"
    ( line 1 , column 2 )
    (Let
       (BasicBind (Just (Identifier "test")))
       (FuncExpr
          [ NormalParam (Identifier "x") , NormalParam (Identifier "y") ]
          (Block
             (CodeBlock
                [ If
                    [ ( Equals (Ident (Identifier "x")) (Ident (Identifier "y"))
                      , Block (Content [ Text "\9989" ])
                      )
                    , ( Literal (Boolean True)
                      , Block
                          (Content
                             [ Text "\10060"
                             , Text "("
                             , Code
                                 "test/typ/math/style-00.typ"
                                 ( line 1 , column 47 )
                                 (FuncCall
                                    (Ident (Identifier "repr"))
                                    [ NormalArg (Ident (Identifier "x")) ])
                             , Space
                             , Text "/"
                             , Text "="
                             , Space
                             , Code
                                 "test/typ/math/style-00.typ"
                                 ( line 1 , column 59 )
                                 (FuncCall
                                    (Ident (Identifier "repr"))
                                    [ NormalArg (Ident (Identifier "y")) ])
                             , Text ")"
                             ])
                      )
                    ]
                ]))))
, SoftBreak
, Comment
, Equation
    False
    [ Text "a"
    , Text ","
    , Text "A"
    , Text ","
    , Code
        "test/typ/math/style-00.typ"
        ( line 3 , column 8 )
        (Ident (Identifier "delta"))
    , Text ","
    , Text "\1013"
    , Text ","
    , Code
        "test/typ/math/style-00.typ"
        ( line 3 , column 18 )
        (Ident (Identifier "diff"))
    , Text ","
    , Code
        "test/typ/math/style-00.typ"
        ( line 3 , column 24 )
        (Ident (Identifier "Delta"))
    , Text ","
    , Text "\1012"
    ]
, ParBreak
]
--- evaluated ---
document(body: { text(body: [
]), 
                 math.equation(block: false, 
                               body: { text(body: [a]), 
                                       text(body: [,]), 
                                       text(body: [A]), 
                                       text(body: [,]), 
                                       text(body: [δ]), 
                                       text(body: [,]), 
                                       text(body: [ϵ]), 
                                       text(body: [,]), 
                                       text(body: [∂]), 
                                       text(body: [,]), 
                                       text(body: [Δ]), 
                                       text(body: [,]), 
                                       text(body: [ϴ]) }, 
                               numbering: none), 
                 parbreak() })
