--- parse tree ---
[ Code
    "test/typ/regression/issue1.typ"
    ( line 1 , column 2 )
    (Let
       (BasicBind (Just (Identifier "test")))
       (FuncExpr
          [ NormalParam (Identifier "x") , NormalParam (Identifier "y") ]
          (Block
             (CodeBlock
                [ If
                    [ ( Equals (Ident (Identifier "x")) (Ident (Identifier "y"))
                      , Block (Content [ Text "\9989" ])
                      )
                    , ( Literal (Boolean True)
                      , Block
                          (Content
                             [ Text "\10060"
                             , Text "("
                             , Code
                                 "test/typ/regression/issue1.typ"
                                 ( line 1 , column 47 )
                                 (FuncCall
                                    (Ident (Identifier "repr"))
                                    [ NormalArg (Ident (Identifier "x")) ])
                             , Space
                             , Text "/"
                             , Text "="
                             , Space
                             , Code
                                 "test/typ/regression/issue1.typ"
                                 ( line 1 , column 59 )
                                 (FuncCall
                                    (Ident (Identifier "repr"))
                                    [ NormalArg (Ident (Identifier "y")) ])
                             , Text ")"
                             ])
                      )
                    ]
                ]))))
, SoftBreak
, Code
    "test/typ/regression/issue1.typ"
    ( line 2 , column 2 )
    (LetFunc
       (Identifier "foo")
       [ NormalParam (Identifier "x") ]
       (Block
          (CodeBlock
             [ Return
                 (Just
                    (Array [ Spr (Ident (Identifier "x")) , Reg (Literal (Int 5)) ]))
             ])))
, SoftBreak
, Code
    "test/typ/regression/issue1.typ"
    ( line 7 , column 2 )
    (FuncCall
       (Ident (Identifier "foo"))
       [ NormalArg
           (Array [ Reg (Literal (Int 3)) , Reg (Literal (Int 4)) ])
       ])
, ParBreak
]
--- evaluated ---
document(body: { text(body: [
]), 
                 text(body: [
]), 
                 text(body: [(3, 4, 5)]), 
                 parbreak() })
