--- parse tree ---
[ Code
    "test/typ/layout/enum-align-00.typ"
    ( line 1 , column 2 )
    (Let
       (BasicBind (Just (Identifier "test")))
       (FuncExpr
          [ NormalParam (Identifier "x") , NormalParam (Identifier "y") ]
          (Block
             (CodeBlock
                [ If
                    [ ( Equals (Ident (Identifier "x")) (Ident (Identifier "y"))
                      , Block (Content [ Text "\9989" ])
                      )
                    , ( Literal (Boolean True)
                      , Block
                          (Content
                             [ Text "\10060"
                             , Text "("
                             , Code
                                 "test/typ/layout/enum-align-00.typ"
                                 ( line 1 , column 47 )
                                 (FuncCall
                                    (Ident (Identifier "repr"))
                                    [ NormalArg (Ident (Identifier "x")) ])
                             , Space
                             , Text "/"
                             , Text "="
                             , Space
                             , Code
                                 "test/typ/layout/enum-align-00.typ"
                                 ( line 1 , column 59 )
                                 (FuncCall
                                    (Ident (Identifier "repr"))
                                    [ NormalArg (Ident (Identifier "y")) ])
                             , Text ")"
                             ])
                      )
                    ]
                ]))))
, SoftBreak
, Comment
, Code
    "test/typ/layout/enum-align-00.typ"
    ( line 3 , column 2 )
    (Set
       (Ident (Identifier "align"))
       [ NormalArg (Ident (Identifier "horizon")) ])
, ParBreak
, EnumListItem
    Nothing
    [ Text "ABCDEF"
    , HardBreak
    , Text "GHIJKL"
    , HardBreak
    , Text "MNOPQR"
    , SoftBreak
    , EnumListItem
        Nothing
        [ Text "INNER"
        , HardBreak
        , Text "INNER"
        , HardBreak
        , Text "INNER"
        ]
    ]
, SoftBreak
, EnumListItem
    Nothing [ Text "BACK" , HardBreak , Text "HERE" , ParBreak ]
]
--- evaluated ---
document(body: { text(body: [
]), 
                 parbreak(), 
                 enum(children: ({ text(body: [ABCDEF]), 
                                   linebreak(), 
                                   text(body: [GHIJKL]), 
                                   linebreak(), 
                                   text(body: [MNOPQR
]), 
                                   enum(children: ({ text(body: [INNER]), 
                                                     linebreak(), 
                                                     text(body: [INNER]), 
                                                     linebreak(), 
                                                     text(body: [INNER]) })) }, 
                                 { text(body: [BACK]), 
                                   linebreak(), 
                                   text(body: [HERE]), 
                                   parbreak() })) })
