--- parse tree ---
[ Code
    "test/typ/layout/enum-05.typ"
    ( line 1 , column 2 )
    (Let
       (BasicBind (Just (Identifier "test")))
       (FuncExpr
          [ NormalParam (Identifier "x") , NormalParam (Identifier "y") ]
          (Block
             (CodeBlock
                [ If
                    [ ( Equals (Ident (Identifier "x")) (Ident (Identifier "y"))
                      , Block (Content [ Text "\9989" ])
                      )
                    , ( Literal (Boolean True)
                      , Block
                          (Content
                             [ Text "\10060"
                             , Text "("
                             , Code
                                 "test/typ/layout/enum-05.typ"
                                 ( line 1 , column 47 )
                                 (FuncCall
                                    (Ident (Identifier "repr"))
                                    [ NormalArg (Ident (Identifier "x")) ])
                             , Space
                             , Text "/"
                             , Text "="
                             , Space
                             , Code
                                 "test/typ/layout/enum-05.typ"
                                 ( line 1 , column 59 )
                                 (FuncCall
                                    (Ident (Identifier "repr"))
                                    [ NormalArg (Ident (Identifier "y")) ])
                             , Text ")"
                             ])
                      )
                    ]
                ]))))
, SoftBreak
, Comment
, EnumListItem Nothing []
, SoftBreak
, Text "Empty"
, Space
, HardBreak
, Text "+Nope"
, Space
, HardBreak
, Text "a"
, Space
, Text "+"
, Space
, Text "0"
, Text "."
, ParBreak
]
--- evaluated ---
document(body: { text(body: [
]), 
                 enum(children: ({  })), 
                 text(body: [Empty ]), 
                 linebreak(), 
                 text(body: [+Nope ]), 
                 linebreak(), 
                 text(body: [a + 0.]), 
                 parbreak() })
