--- parse tree ---
[ Code
    "test/typ/layout/page-style-02.typ"
    ( line 1 , column 2 )
    (Let
       (BasicBind (Just (Identifier "test")))
       (FuncExpr
          [ NormalParam (Identifier "x") , NormalParam (Identifier "y") ]
          (Block
             (CodeBlock
                [ If
                    [ ( Equals (Ident (Identifier "x")) (Ident (Identifier "y"))
                      , Block (Content [ Text "\9989" ])
                      )
                    , ( Literal (Boolean True)
                      , Block
                          (Content
                             [ Text "\10060"
                             , Text "("
                             , Code
                                 "test/typ/layout/page-style-02.typ"
                                 ( line 1 , column 47 )
                                 (FuncCall
                                    (Ident (Identifier "repr"))
                                    [ NormalArg (Ident (Identifier "x")) ])
                             , Space
                             , Text "/"
                             , Text "="
                             , Space
                             , Code
                                 "test/typ/layout/page-style-02.typ"
                                 ( line 1 , column 59 )
                                 (FuncCall
                                    (Ident (Identifier "repr"))
                                    [ NormalArg (Ident (Identifier "y")) ])
                             , Text ")"
                             ])
                      )
                    ]
                ]))))
, SoftBreak
, Comment
, Comment
, Code
    "test/typ/layout/page-style-02.typ"
    ( line 4 , column 2 )
    (Set
       (Ident (Identifier "page")) [ NormalArg (Literal (String "a4")) ])
, SoftBreak
, Code
    "test/typ/layout/page-style-02.typ"
    ( line 5 , column 2 )
    (Set
       (Ident (Identifier "page")) [ NormalArg (Literal (String "a5")) ])
, SoftBreak
, Code
    "test/typ/layout/page-style-02.typ"
    ( line 6 , column 2 )
    (Set
       (Ident (Identifier "page"))
       [ KeyValArg (Identifier "width") (Literal (Numeric 1.0 Cm))
       , KeyValArg (Identifier "height") (Literal (Numeric 1.0 Cm))
       ])
, ParBreak
]
--- evaluated ---
document(body: { text(body: [
]), 
                 text(body: [
]), 
                 text(body: [
]), 
                 parbreak() })
