--- parse tree ---
[ Code
    "test/typ/layout/par-03.typ"
    ( line 1 , column 2 )
    (Let
       (BasicBind (Just (Identifier "test")))
       (FuncExpr
          [ NormalParam (Identifier "x") , NormalParam (Identifier "y") ]
          (Block
             (CodeBlock
                [ If
                    [ ( Equals (Ident (Identifier "x")) (Ident (Identifier "y"))
                      , Block (Content [ Text "\9989" ])
                      )
                    , ( Literal (Boolean True)
                      , Block
                          (Content
                             [ Text "\10060"
                             , Text "("
                             , Code
                                 "test/typ/layout/par-03.typ"
                                 ( line 1 , column 47 )
                                 (FuncCall
                                    (Ident (Identifier "repr"))
                                    [ NormalArg (Ident (Identifier "x")) ])
                             , Space
                             , Text "/"
                             , Text "="
                             , Space
                             , Code
                                 "test/typ/layout/par-03.typ"
                                 ( line 1 , column 59 )
                                 (FuncCall
                                    (Ident (Identifier "repr"))
                                    [ NormalArg (Ident (Identifier "y")) ])
                             , Text ")"
                             ])
                      )
                    ]
                ]))))
, SoftBreak
, Comment
, Code
    "test/typ/layout/par-03.typ"
    ( line 3 , column 2 )
    (Set
       (Ident (Identifier "block"))
       [ KeyValArg (Identifier "spacing") (Literal (Numeric 0.0 Pt)) ])
, SoftBreak
, Code
    "test/typ/layout/par-03.typ"
    ( line 4 , column 2 )
    (Show
       (Just (Ident (Identifier "raw")))
       (Set
          (Ident (Identifier "block"))
          [ KeyValArg (Identifier "spacing") (Literal (Numeric 15.0 Pt)) ]))
, SoftBreak
, Code
    "test/typ/layout/par-03.typ"
    ( line 5 , column 2 )
    (Show
       (Just (Ident (Identifier "list")))
       (Set
          (Ident (Identifier "block"))
          [ KeyValArg (Identifier "spacing") (Literal (Numeric 2.5 Pt)) ]))
, ParBreak
, RawBlock "rust" "fn main() {}\n"
, ParBreak
, BulletListItem [ Text "List" , SoftBreak ]
, SoftBreak
, Text "Paragraph"
, ParBreak
]
--- evaluated ---
document(body: { text(body: [
]), 
                 text(body: [
]), 
                 text(body: [
]), 
                 parbreak(), 
                 raw(block: true, 
                     lang: "rust", 
                     text: "fn main() {}\n"), 
                 parbreak(), 
                 list(children: (text(body: [List
]))), 
                 text(body: [Paragraph]), 
                 parbreak() })
