--- parse tree ---
[ Code
    "test/typ/layout/par-justify-01.typ"
    ( line 1 , column 2 )
    (Let
       (BasicBind (Just (Identifier "test")))
       (FuncExpr
          [ NormalParam (Identifier "x") , NormalParam (Identifier "y") ]
          (Block
             (CodeBlock
                [ If
                    [ ( Equals (Ident (Identifier "x")) (Ident (Identifier "y"))
                      , Block (Content [ Text "\9989" ])
                      )
                    , ( Literal (Boolean True)
                      , Block
                          (Content
                             [ Text "\10060"
                             , Text "("
                             , Code
                                 "test/typ/layout/par-justify-01.typ"
                                 ( line 1 , column 47 )
                                 (FuncCall
                                    (Ident (Identifier "repr"))
                                    [ NormalArg (Ident (Identifier "x")) ])
                             , Space
                             , Text "/"
                             , Text "="
                             , Space
                             , Code
                                 "test/typ/layout/par-justify-01.typ"
                                 ( line 1 , column 59 )
                                 (FuncCall
                                    (Ident (Identifier "repr"))
                                    [ NormalArg (Ident (Identifier "y")) ])
                             , Text ")"
                             ])
                      )
                    ]
                ]))))
, SoftBreak
, Comment
, Code
    "test/typ/layout/par-justify-01.typ"
    ( line 3 , column 2 )
    (Set
       (Ident (Identifier "par"))
       [ KeyValArg (Identifier "justify") (Literal (Boolean True)) ])
, SoftBreak
, Text "A"
, Space
, Text "B"
, Space
, Text "C"
, Space
, HardBreak
, Text "D"
, ParBreak
]
--- evaluated ---
document(body: { text(body: [
]), 
                 text(body: [
A B C ]), 
                 linebreak(), 
                 text(body: [D]), 
                 parbreak() })
