--- parse tree ---
[ Code
    "test/typ/layout/spacing-02.typ"
    ( line 1 , column 2 )
    (Let
       (BasicBind (Just (Identifier "test")))
       (FuncExpr
          [ NormalParam (Identifier "x") , NormalParam (Identifier "y") ]
          (Block
             (CodeBlock
                [ If
                    [ ( Equals (Ident (Identifier "x")) (Ident (Identifier "y"))
                      , Block (Content [ Text "\9989" ])
                      )
                    , ( Literal (Boolean True)
                      , Block
                          (Content
                             [ Text "\10060"
                             , Text "("
                             , Code
                                 "test/typ/layout/spacing-02.typ"
                                 ( line 1 , column 47 )
                                 (FuncCall
                                    (Ident (Identifier "repr"))
                                    [ NormalArg (Ident (Identifier "x")) ])
                             , Space
                             , Text "/"
                             , Text "="
                             , Space
                             , Code
                                 "test/typ/layout/spacing-02.typ"
                                 ( line 1 , column 59 )
                                 (FuncCall
                                    (Ident (Identifier "repr"))
                                    [ NormalArg (Ident (Identifier "y")) ])
                             , Text ")"
                             ])
                      )
                    ]
                ]))))
, SoftBreak
, Comment
, Code
    "test/typ/layout/spacing-02.typ"
    ( line 3 , column 2 )
    (Set
       (Ident (Identifier "text"))
       [ KeyValArg (Identifier "dir") (Ident (Identifier "rtl")) ])
, SoftBreak
, Text "A"
, Space
, Code
    "test/typ/layout/spacing-02.typ"
    ( line 4 , column 4 )
    (FuncCall
       (Ident (Identifier "h")) [ NormalArg (Literal (Numeric 10.0 Pt)) ])
, Space
, Text "B"
, Space
, HardBreak
, Text "A"
, Space
, Code
    "test/typ/layout/spacing-02.typ"
    ( line 5 , column 4 )
    (FuncCall
       (Ident (Identifier "h")) [ NormalArg (Literal (Numeric 1.0 Fr)) ])
, Space
, Text "B"
, ParBreak
]
--- evaluated ---
document(body: { text(body: [
]), 
                 text(body: [
A ], dir: rtl), 
                 h(amount: 10.0pt), 
                 text(body: [ B ], dir: rtl), 
                 linebreak(), 
                 text(body: [A ], dir: rtl), 
                 h(amount: 1.0fr), 
                 text(body: [ B], dir: rtl), 
                 parbreak() })
