--- parse tree ---
[ Code
    "test/typ/compiler/construct-02.typ"
    ( line 1 , column 2 )
    (Let
       (BasicBind (Just (Identifier "test")))
       (FuncExpr
          [ NormalParam (Identifier "x") , NormalParam (Identifier "y") ]
          (Block
             (CodeBlock
                [ If
                    [ ( Equals (Ident (Identifier "x")) (Ident (Identifier "y"))
                      , Block (Content [ Text "\9989" ])
                      )
                    , ( Literal (Boolean True)
                      , Block
                          (Content
                             [ Text "\10060"
                             , Text "("
                             , Code
                                 "test/typ/compiler/construct-02.typ"
                                 ( line 1 , column 47 )
                                 (FuncCall
                                    (Ident (Identifier "repr"))
                                    [ NormalArg (Ident (Identifier "x")) ])
                             , Space
                             , Text "/"
                             , Text "="
                             , Space
                             , Code
                                 "test/typ/compiler/construct-02.typ"
                                 ( line 1 , column 59 )
                                 (FuncCall
                                    (Ident (Identifier "repr"))
                                    [ NormalArg (Ident (Identifier "y")) ])
                             , Text ")"
                             ])
                      )
                    ]
                ]))))
, SoftBreak
, Comment
, Comment
, Code
    "test/typ/compiler/construct-02.typ"
    ( line 4 , column 2 )
    (Block
       (Content
          [ Code
              "test/typ/compiler/construct-02.typ"
              ( line 4 , column 4 )
              (Set
                 (Ident (Identifier "rect"))
                 [ KeyValArg (Identifier "fill") (Ident (Identifier "yellow")) ])
          , Code
              "test/typ/compiler/construct-02.typ"
              ( line 4 , column 28 )
              (FuncCall
                 (Ident (Identifier "text"))
                 [ NormalArg (Literal (Numeric 1.0 Em))
                 , NormalArg
                     (FuncCall
                        (Ident (Identifier "rect"))
                        [ KeyValArg (Identifier "inset") (Literal (Numeric 5.0 Pt))
                        , NormalArg (FuncCall (Ident (Identifier "rect")) [])
                        ])
                 ])
          ]))
, ParBreak
]
--- evaluated ---
document(body: { text(body: [
]), 
                 text(body: rect(body: rect(fill: rgb(100%,86%,0%,100%)), 
                                 fill: rgb(100%,86%,0%,100%), 
                                 inset: 5.0pt), 
                      size: 1.0em), 
                 parbreak() })
