--- parse tree ---
[ Code
    "test/typ/compiler/construct-04.typ"
    ( line 1 , column 2 )
    (Let
       (BasicBind (Just (Identifier "test")))
       (FuncExpr
          [ NormalParam (Identifier "x") , NormalParam (Identifier "y") ]
          (Block
             (CodeBlock
                [ If
                    [ ( Equals (Ident (Identifier "x")) (Ident (Identifier "y"))
                      , Block (Content [ Text "\9989" ])
                      )
                    , ( Literal (Boolean True)
                      , Block
                          (Content
                             [ Text "\10060"
                             , Text "("
                             , Code
                                 "test/typ/compiler/construct-04.typ"
                                 ( line 1 , column 47 )
                                 (FuncCall
                                    (Ident (Identifier "repr"))
                                    [ NormalArg (Ident (Identifier "x")) ])
                             , Space
                             , Text "/"
                             , Text "="
                             , Space
                             , Code
                                 "test/typ/compiler/construct-04.typ"
                                 ( line 1 , column 59 )
                                 (FuncCall
                                    (Ident (Identifier "repr"))
                                    [ NormalArg (Ident (Identifier "y")) ])
                             , Text ")"
                             ])
                      )
                    ]
                ]))))
, SoftBreak
, Comment
, Comment
, Code
    "test/typ/compiler/construct-04.typ"
    ( line 4 , column 2 )
    (Show
       (Just (Ident (Identifier "enum")))
       (Set
          (Ident (Identifier "text"))
          [ NormalArg (Ident (Identifier "blue")) ]))
, SoftBreak
, Code
    "test/typ/compiler/construct-04.typ"
    ( line 5 , column 2 )
    (FuncCall
       (Ident (Identifier "enum"))
       [ KeyValArg (Identifier "numbering") (Literal (String "(a)"))
       , NormalArg (Block (Content [ Text "A" ]))
       , NormalArg
           (FuncCall (Ident (Identifier "enum")) [ BlockArg [ Text "B" ] ])
       ])
, ParBreak
]
--- evaluated ---
document(body: { text(body: [
]), 
                 text(body: [
]), 
                 enum(children: (text(body: [A]), 
                                 enum(children: (text(body: [B])))), 
                      numbering: "(a)"), 
                 parbreak() })
