--- parse tree ---
[ Code
    "test/typ/compiler/dict-00.typ"
    ( line 1 , column 2 )
    (Let
       (BasicBind (Just (Identifier "test")))
       (FuncExpr
          [ NormalParam (Identifier "x") , NormalParam (Identifier "y") ]
          (Block
             (CodeBlock
                [ If
                    [ ( Equals (Ident (Identifier "x")) (Ident (Identifier "y"))
                      , Block (Content [ Text "\9989" ])
                      )
                    , ( Literal (Boolean True)
                      , Block
                          (Content
                             [ Text "\10060"
                             , Text "("
                             , Code
                                 "test/typ/compiler/dict-00.typ"
                                 ( line 1 , column 47 )
                                 (FuncCall
                                    (Ident (Identifier "repr"))
                                    [ NormalArg (Ident (Identifier "x")) ])
                             , Space
                             , Text "/"
                             , Text "="
                             , Space
                             , Code
                                 "test/typ/compiler/dict-00.typ"
                                 ( line 1 , column 59 )
                                 (FuncCall
                                    (Ident (Identifier "repr"))
                                    [ NormalArg (Ident (Identifier "y")) ])
                             , Text ")"
                             ])
                      )
                    ]
                ]))))
, SoftBreak
, Comment
, SoftBreak
, Comment
, Code
    "test/typ/compiler/dict-00.typ" ( line 5 , column 2 ) (Dict [])
, ParBreak
, Comment
, Code
    "test/typ/compiler/dict-00.typ"
    ( line 8 , column 2 )
    (Let
       (BasicBind (Just (Identifier "dict")))
       (Dict
          [ Reg ( Ident (Identifier "normal") , Literal (Int 1) )
          , Reg ( Literal (String "spacy key") , Literal (Int 2) )
          ]))
, SoftBreak
, Code
    "test/typ/compiler/dict-00.typ"
    ( line 9 , column 2 )
    (Ident (Identifier "dict"))
, ParBreak
, Code
    "test/typ/compiler/dict-00.typ"
    ( line 11 , column 2 )
    (FuncCall
       (Ident (Identifier "test"))
       [ NormalArg
           (FieldAccess
              (Ident (Identifier "normal")) (Ident (Identifier "dict")))
       , NormalArg (Literal (Int 1))
       ])
, SoftBreak
, Code
    "test/typ/compiler/dict-00.typ"
    ( line 12 , column 2 )
    (FuncCall
       (Ident (Identifier "test"))
       [ NormalArg
           (FuncCall
              (FieldAccess (Ident (Identifier "at")) (Ident (Identifier "dict")))
              [ NormalArg (Literal (String "spacy key")) ])
       , NormalArg (Literal (Int 2))
       ])
, ParBreak
]
--- evaluated ---
document(body: { text(body: [
]), 
                 text(body: [
]), 
                 text(body: [()]), 
                 parbreak(), 
                 text(body: [
]), 
                 text(body: [(normal: 1, spacy key: 2)]), 
                 parbreak(), 
                 text(body: [✅]), 
                 text(body: [
]), 
                 text(body: [✅]), 
                 parbreak() })
