"test/typ/compiler/ops-11.typ" (line 19, column 5):
unexpected ":"
expecting "//", "/*", operator or ")"
