--- parse tree ---
[ Code
    "test/typ/compiler/string-20.typ"
    ( line 1 , column 2 )
    (Let
       (BasicBind (Just (Identifier "test")))
       (FuncExpr
          [ NormalParam (Identifier "x") , NormalParam (Identifier "y") ]
          (Block
             (CodeBlock
                [ If
                    [ ( Equals (Ident (Identifier "x")) (Ident (Identifier "y"))
                      , Block (Content [ Text "\9989" ])
                      )
                    , ( Literal (Boolean True)
                      , Block
                          (Content
                             [ Text "\10060"
                             , Text "("
                             , Code
                                 "test/typ/compiler/string-20.typ"
                                 ( line 1 , column 47 )
                                 (FuncCall
                                    (Ident (Identifier "repr"))
                                    [ NormalArg (Ident (Identifier "x")) ])
                             , Space
                             , Text "/"
                             , Text "="
                             , Space
                             , Code
                                 "test/typ/compiler/string-20.typ"
                                 ( line 1 , column 59 )
                                 (FuncCall
                                    (Ident (Identifier "repr"))
                                    [ NormalArg (Ident (Identifier "y")) ])
                             , Text ")"
                             ])
                      )
                    ]
                ]))))
, SoftBreak
, Comment
, Code
    "test/typ/compiler/string-20.typ"
    ( line 3 , column 2 )
    (FuncCall
       (Ident (Identifier "test"))
       [ NormalArg
           (FuncCall
              (FieldAccess (Ident (Identifier "split")) (Literal (String "abc")))
              [ NormalArg (Literal (String "")) ])
       , NormalArg
           (Array
              [ Reg (Literal (String ""))
              , Reg (Literal (String "a"))
              , Reg (Literal (String "b"))
              , Reg (Literal (String "c"))
              , Reg (Literal (String ""))
              ])
       ])
, SoftBreak
, Code
    "test/typ/compiler/string-20.typ"
    ( line 4 , column 2 )
    (FuncCall
       (Ident (Identifier "test"))
       [ NormalArg
           (FuncCall
              (FieldAccess (Ident (Identifier "split")) (Literal (String "abc")))
              [ NormalArg (Literal (String "b")) ])
       , NormalArg
           (Array [ Reg (Literal (String "a")) , Reg (Literal (String "c")) ])
       ])
, SoftBreak
, Code
    "test/typ/compiler/string-20.typ"
    ( line 5 , column 2 )
    (FuncCall
       (Ident (Identifier "test"))
       [ NormalArg
           (FuncCall
              (FieldAccess
                 (Ident (Identifier "split")) (Literal (String "a123c")))
              [ NormalArg
                  (FuncCall
                     (Ident (Identifier "regex"))
                     [ NormalArg (Literal (String "\\d")) ])
              ])
       , NormalArg
           (Array
              [ Reg (Literal (String "a"))
              , Reg (Literal (String ""))
              , Reg (Literal (String ""))
              , Reg (Literal (String "c"))
              ])
       ])
, SoftBreak
, Code
    "test/typ/compiler/string-20.typ"
    ( line 6 , column 2 )
    (FuncCall
       (Ident (Identifier "test"))
       [ NormalArg
           (FuncCall
              (FieldAccess
                 (Ident (Identifier "split")) (Literal (String "a123c")))
              [ NormalArg
                  (FuncCall
                     (Ident (Identifier "regex"))
                     [ NormalArg (Literal (String "\\d+")) ])
              ])
       , NormalArg
           (Array [ Reg (Literal (String "a")) , Reg (Literal (String "c")) ])
       ])
, ParBreak
]
--- evaluated ---
document(body: { text(body: [
]), 
                 text(body: [✅]), 
                 text(body: [
]), 
                 text(body: [✅]), 
                 text(body: [
]), 
                 text(body: [✅]), 
                 text(body: [
]), 
                 text(body: [✅]), 
                 parbreak() })
