--- parse tree ---
[ Code
    "test/typ/compute/foundations-13.typ"
    ( line 1 , column 2 )
    (Let
       (BasicBind (Just (Identifier "test")))
       (FuncExpr
          [ NormalParam (Identifier "x") , NormalParam (Identifier "y") ]
          (Block
             (CodeBlock
                [ If
                    [ ( Equals (Ident (Identifier "x")) (Ident (Identifier "y"))
                      , Block (Content [ Text "\9989" ])
                      )
                    , ( Literal (Boolean True)
                      , Block
                          (Content
                             [ Text "\10060"
                             , Text "("
                             , Code
                                 "test/typ/compute/foundations-13.typ"
                                 ( line 1 , column 47 )
                                 (FuncCall
                                    (Ident (Identifier "repr"))
                                    [ NormalArg (Ident (Identifier "x")) ])
                             , Space
                             , Text "/"
                             , Text "="
                             , Space
                             , Code
                                 "test/typ/compute/foundations-13.typ"
                                 ( line 1 , column 59 )
                                 (FuncCall
                                    (Ident (Identifier "repr"))
                                    [ NormalArg (Ident (Identifier "y")) ])
                             , Text ")"
                             ])
                      )
                    ]
                ]))))
, SoftBreak
, Comment
, Code
    "test/typ/compute/foundations-13.typ"
    ( line 3 , column 2 )
    (FuncCall
       (Ident (Identifier "test"))
       [ NormalArg
           (FuncCall
              (Ident (Identifier "type")) [ NormalArg (Literal (Int 1)) ])
       , NormalArg (Literal (String "integer"))
       ])
, SoftBreak
, Code
    "test/typ/compute/foundations-13.typ"
    ( line 4 , column 2 )
    (FuncCall
       (Ident (Identifier "test"))
       [ NormalArg
           (FuncCall
              (Ident (Identifier "type"))
              [ NormalArg (Ident (Identifier "ltr")) ])
       , NormalArg (Literal (String "direction"))
       ])
, SoftBreak
, Code
    "test/typ/compute/foundations-13.typ"
    ( line 5 , column 2 )
    (FuncCall
       (Ident (Identifier "test"))
       [ NormalArg
           (FuncCall
              (Ident (Identifier "type"))
              [ NormalArg (Divided (Literal (Int 10)) (Literal (Int 3))) ])
       , NormalArg (Literal (String "float"))
       ])
, ParBreak
]
--- evaluated ---
document(body: { text(body: [
]), 
                 text(body: [✅]), 
                 text(body: [
]), 
                 text(body: [✅]), 
                 text(body: [
]), 
                 text(body: [✅]), 
                 parbreak() })
